// Jest Snapshot v1, https://goo.gl/fbAQLP

exports[`should render Comment Panel 1`] = `
Array [
  <div
    className="d-flex container bg-light mt-1 align-items-center"
  >
    <div
      className=""
    >
      <div
        className=""
      >
        <img
          alt="..."
          className=" mt-2 small-round-pic me-2  round-img "
          data-testid="userCommentPic"
          src="no pic"
        />
      </div>
    </div>
    <div
      className="text-comment"
      data-testid="cmnt"
    >
      no msg
    </div>
  </div>,
  <div
    className="seemore"
    onClick={[Function]}
  >
    Show More
  </div>,
]
`;
